Starting batches from 50
=== batch [50,75) ===
batch [50,75) observed=0.413021 resume_len=50
  perm 55/200 last=0.1760
  perm 60/200 last=0.1596
  perm 65/200 last=0.2992
  perm 70/200 last=0.1516
  perm 75/200 last=0.1939
batch done [50,75) n_done=75
=== batch [75,100) ===
batch [75,100) observed=0.413021 resume_len=75
  perm 80/200 last=0.1691
  perm 85/200 last=0.1585
  perm 90/200 last=0.2063
  perm 95/200 last=0.1755
  perm 100/200 last=0.1586
batch done [75,100) n_done=100
=== batch [100,125) ===
batch [100,125) observed=0.413021 resume_len=100
  perm 105/200 last=0.1483
  perm 110/200 last=0.1732
  perm 115/200 last=0.2325
  perm 120/200 last=0.2231
  perm 125/200 last=0.1656
batch done [100,125) n_done=125
=== batch [125,150) ===
2026-09-25T15:21:32-05:00 Starting batches from 125 step=10
=== batch [125,135) ===
batch [125,135) observed=0.413021 resume_len=125
  perm 130/200 last=0.1433
  perm 135/200 last=0.2626
batch done [125,135) n_done=135
=== batch [135,145) ===
batch [135,145) observed=0.413021 resume_len=135
  perm 140/200 last=0.2194
  perm 145/200 last=0.3174
batch done [135,145) n_done=145
=== batch [145,155) ===
batch [145,155) observed=0.413021 resume_len=145
  perm 150/200 last=0.1859
  perm 155/200 last=0.1648
batch done [145,155) n_done=155
=== batch [155,165) ===
batch [155,165) observed=0.413021 resume_len=155
  perm 160/200 last=0.2002
  perm 165/200 last=0.1803
batch done [155,165) n_done=165
=== batch [165,175) ===
batch [165,175) observed=0.413021 resume_len=165
  perm 170/200 last=0.2173
  perm 175/200 last=0.2516
batch done [165,175) n_done=175
=== batch [175,185) ===
batch [175,185) observed=0.413021 resume_len=175
  perm 180/200 last=0.2650
  perm 185/200 last=0.2864
batch done [175,185) n_done=185
=== batch [185,195) ===
batch [185,195) observed=0.413021 resume_len=185
  perm 190/200 last=0.2111
  perm 195/200 last=0.1968
batch done [185,195) n_done=195
=== batch [195,200) ===
batch [195,200) observed=0.413021 resume_len=195
  perm 200/200 last=0.2631
batch done [195,200) n_done=200
ALL BATCHES DONE
